// Jest Snapshot v1, https://jestjs.io/docs/snapshot-testing

exports[`button component render button component 1`] = `
<div>
  <button
    aria-disabled="false"
    class="inline-flex items-center justify-center rounded-2xl font-medium transition-shadow transition-colors focus:outline-none focus:ring-2 focus:ring-offset-2 disabled:opacity-50 disabled:cursor-not-allowed px-4 py-2.5 text-base md:px-5 md:py-3 md:text-lg bg-blue-600 text-white shadow-sm hover:bg-blue-700 focus:ring-blue-500   undefined"
    type="button"
  >
    <span
      class="flex items-center gap-2"
    >
      <span>
        button
      </span>
    </span>
  </button>
</div>
`;
